[www.django-rest-framework.org/index.html]
[backblue.gif]
[fade.gif]
[index.html]
[www.django-rest-framework.org/img/favicon.ico]
[www.django-rest-framework.org/css/prettify.css]
[www.django-rest-framework.org/css/bootstrap.css]
[www.django-rest-framework.org/css/bootstrap-responsive.css]
[www.django-rest-framework.org/css/default.css]
[www.django-rest-framework.org/tutorial/quickstart/index.html]
[www.django-rest-framework.org/img/logo.png]
[www.django-rest-framework.org/tutorial/1-serialization/index.html]
[www.django-rest-framework.org/tutorial/3-class-based-views/index.html]
[www.django-rest-framework.org/tutorial/4-authentication-and-permissions/index.html]
[www.django-rest-framework.org/tutorial/2-requests-and-responses/index.html]
[www.django-rest-framework.org/tutorial/5-relationships-and-hyperlinked-apis/index.html]
[www.django-rest-framework.org/api-guide/requests/index.html]
[www.django-rest-framework.org/tutorial/6-viewsets-and-routers/index.html]
[www.django-rest-framework.org/api-guide/responses/index.html]
[www.django-rest-framework.org/api-guide/views/index.html]
[www.django-rest-framework.org/api-guide/generic-views/index.html]
[www.django-rest-framework.org/api-guide/routers/index.html]
[www.django-rest-framework.org/api-guide/viewsets/index.html]
[www.django-rest-framework.org/api-guide/parsers/index.html]
[www.django-rest-framework.org/api-guide/renderers/index.html]
[fund-rest-framework.s3.amazonaws.com/sentry130.png]
[www.django-rest-framework.org/api-guide/serializers/index.html]
[www.django-rest-framework.org/api-guide/fields/index.html]
[www.django-rest-framework.org/api-guide/relations/index.html]
[www.django-rest-framework.org/api-guide/validators/index.html]
[fund-rest-framework.s3.amazonaws.com/stream-130.png]
[www.django-rest-framework.org/api-guide/permissions/index.html]
[www.django-rest-framework.org/api-guide/caching/index.html]
[www.django-rest-framework.org/api-guide/authentication/index.html]
[www.django-rest-framework.org/api-guide/throttling/index.html]
[www.django-rest-framework.org/api-guide/filtering/index.html]
[www.django-rest-framework.org/api-guide/pagination/index.html]
[fund-rest-framework.s3.amazonaws.com/esg-new-logo.png]
[www.django-rest-framework.org/api-guide/versioning/index.html]
[www.django-rest-framework.org/api-guide/content-negotiation/index.html]
[www.django-rest-framework.org/api-guide/metadata/index.html]
[www.django-rest-framework.org/api-guide/schemas/index.html]
[www.django-rest-framework.org/api-guide/format-suffixes/index.html]
[fund-rest-framework.s3.amazonaws.com/rollbar2.png]
[www.django-rest-framework.org/api-guide/reverse/index.html]
[www.django-rest-framework.org/api-guide/exceptions/index.html]
[www.django-rest-framework.org/api-guide/status-codes/index.html]
[www.django-rest-framework.org/api-guide/testing/index.html]
[fund-rest-framework.s3.amazonaws.com/cadre.png]
[www.django-rest-framework.org/api-guide/settings/index.html]
[www.django-rest-framework.org/topics/documenting-your-api/index.html]
[www.django-rest-framework.org/topics/api-clients/index.html]
[www.django-rest-framework.org/topics/internationalization/index.html]
[www.django-rest-framework.org/topics/ajax-csrf-cors/index.html]
[fund-rest-framework.s3.amazonaws.com/kloudless-plus-text.png]
[www.django-rest-framework.org/topics/html-and-forms/index.html]
[www.django-rest-framework.org/topics/browser-enhancements/index.html]
[www.django-rest-framework.org/topics/browsable-api/index.html]
[www.django-rest-framework.org/topics/rest-hypermedia-hateoas/index.html]
[www.django-rest-framework.org/community/tutorials-and-resources/index.html]
[www.django-rest-framework.org/community/third-party-packages/index.html]
[www.django-rest-framework.org/community/contributing/index.html]
[fund-rest-framework.s3.amazonaws.com/lightson-dark.png]
[www.django-rest-framework.org/community/3.10-announcement/index.html]
[www.django-rest-framework.org/community/project-management/index.html]
[www.django-rest-framework.org/community/release-notes/index.html]
[www.django-rest-framework.org/community/3.9-announcement/index.html]
[www.django-rest-framework.org/community/3.8-announcement/index.html]
[fund.django-rest-framework.org/sidebar_include.js]
[platform.twitter.com/widgets.js]
[www.django-rest-framework.org/community/3.7-announcement/index.html]
[www.django-rest-framework.org/community/3.6-announcement/index.html]
[www.django-rest-framework.org/community/3.4-announcement/index.html]
[www.django-rest-framework.org/js/jquery-1.8.1-min.js]
[www.django-rest-framework.org/community/3.3-announcement/index.html]
[www.django-rest-framework.org/community/3.5-announcement/index.html]
[www.django-rest-framework.org/js/prettify-1.0.js]
[www.django-rest-framework.org/community/3.2-announcement/index.html]
[www.django-rest-framework.org/js/bootstrap-2.1.1-min.js]
[www.django-rest-framework.org/community/3.1-announcement/index.html]
[www.django-rest-framework.org/js/theme.js]
[www.django-rest-framework.org/community/3.0-announcement/index.html]
[www.django-rest-framework.org/community/kickstarter-announcement/index.html]
[www.django-rest-framework.org/community/mozilla-grant/index.html]
[www.django-rest-framework.org/community/funding/index.html]
[www.django-rest-framework.org/search/main.js]
[www.django-rest-framework.org/index.html]
[www.django-rest-framework.org/css/prettify.css]
[www.django-rest-framework.org/community/jobs/index.html]
[www.django-rest-framework.org/img/glyphicons-halflings.png]
[www.django-rest-framework.org/img/glyphicons-halflings-white.png]
[www.django-rest-framework.org/css/bootstrap.css]
[www.django-rest-framework.org/css/bootstrap-responsive.css]
[www.django-rest-framework.org/img/grid.png]
[www.django-rest-framework.org/css/default.css]
[www.django-rest-framework.org/img/quickstart.png]
[www.django-rest-framework.org/tutorial/quickstart/index.html]
[www.django-rest-framework.org/tutorial/1-serialization/index.html]
[www.django-rest-framework.org/tutorial/2-requests-and-responses/index.html]
[www.django-rest-framework.org/tutorial/3-class-based-views/index.html]
[www.django-rest-framework.org/tutorial/4-authentication-and-permissions/index.html]
[www.django-rest-framework.org/tutorial/5-relationships-and-hyperlinked-apis/index.html]
[www.django-rest-framework.org/tutorial/6-viewsets-and-routers/index.html]
[www.django-rest-framework.org/api-guide/requests/index.html]
[www.django-rest-framework.org/api-guide/responses/index.html]
[www.django-rest-framework.org/api-guide/views/index.html]
[www.django-rest-framework.org/api-guide/generic-views/index.html]
[www.django-rest-framework.org/api-guide/viewsets/index.html]
[www.django-rest-framework.org/api-guide/routers/index.html]
[www.django-rest-framework.org/api-guide/parsers/index.html]
[www.django-rest-framework.org/tutorial/index.html]
[www.django-rest-framework.org/img/admin.png]
[www.django-rest-framework.org/api-guide/renderers/index.html]
[www.django-rest-framework.org/api-guide/serializers/index.html]
[www.django-rest-framework.org/api-guide/fields/index.html]
[www.django-rest-framework.org/api-guide/relations/index.html]
[www.django-rest-framework.org/api-guide/validators/index.html]
[www.django-rest-framework.org/api-guide/authentication/index.html]
[www.django-rest-framework.org/api-guide/permissions/index.html]
[www.django-rest-framework.org/api-guide/caching/index.html]
[www.django-rest-framework.org/api-guide/throttling/index.html]
[www.django-rest-framework.org/img/filter-controls.png]
[www.django-rest-framework.org/img/search-filter.png]
[www.django-rest-framework.org/img/ordering-filter.png]
[www.django-rest-framework.org/api-guide/filtering/index.html]
[www.django-rest-framework.org/img/link-header-pagination.png]
[www.django-rest-framework.org/api-guide/pagination/github-link-pagination]
[www.django-rest-framework.org/api-guide/pagination/index.html]
[www.django-rest-framework.org/api-guide/versioning/index.html]
[www.django-rest-framework.org/api-guide/content-negotiation/index.html]
[www.django-rest-framework.org/api-guide/metadata/index.html]
[www.django-rest-framework.org/api-guide/schemas/index.html]
[www.django-rest-framework.org/api-guide/format-suffixes/index.html]
[www.django-rest-framework.org/api-guide/reverse/index.html]
[www.django-rest-framework.org/api-guide/exceptions/index.html]
[www.django-rest-framework.org/api-guide/status-codes/index.html]
[www.django-rest-framework.org/api-guide/testing/index.html]
[www.django-rest-framework.org/api-guide/settings/index.html]
[www.django-rest-framework.org/img/drf-yasg.png]
[www.django-rest-framework.org/img/django-rest-swagger.png]
[dl4.joxi.net/drive/2017/01/03/0000/1955/34723/23/00e2ce6267.jpg]
[www.django-rest-framework.org/img/apiary.png]
[www.django-rest-framework.org/img/self-describing.png]
[www.django-rest-framework.org/topics/documenting-your-api/index.html]
[www.django-rest-framework.org/topics/api-guide/schemas/index.html]
[www.django-rest-framework.org/topics/api-clients/index.html]
[www.django-rest-framework.org/topics/api-guide/metadata/index.html]
[www.django-rest-framework.org/topics/internationalization/index.html]
[www.django-rest-framework.org/topics/ajax-csrf-cors/index.html]
[www.django-rest-framework.org/img/vertical.png]
[www.django-rest-framework.org/img/horizontal.png]
[www.django-rest-framework.org/topics/html-and-forms/index.html]
[www.django-rest-framework.org/img/inline.png]
[www.django-rest-framework.org/topics/browser-enhancements/index.html]
[www.django-rest-framework.org/img/cerulean.png]
[www.django-rest-framework.org/img/slate.png]
[www.django-rest-framework.org/topics/browsable-api/index.html]
[www.django-rest-framework.org/topics/rest-hypermedia-hateoas/index.html]
[www.django-rest-framework.org/img/books/hwa-cover.png]
[www.django-rest-framework.org/img/books/tsd-cover.png]
[www.django-rest-framework.org/img/books/rad-cover.png]
[www.django-rest-framework.org/img/books/bda-cover.png]
[www.django-rest-framework.org/community/tutorials-and-resources/index.html]
[www.django-rest-framework.org/community/third-party-packages/index.html]
[www.django-rest-framework.org/img/travis-status.png]
[www.django-rest-framework.org/community/contributing/index.html]
[www.django-rest-framework.org/community/project-management/index.html]
[www.django-rest-framework.org/community/release-notes/index.html]
[www.django-rest-framework.org/community/topics/third-party-packages/index.html]
[www.django-rest-framework.org/community/3.10-announcement/community/funding.md]
[www.django-rest-framework.org/community/3.10-announcement/index.html]
[fund-rest-framework.s3.amazonaws.com/rover_130x130.png]
[fund-rest-framework.s3.amazonaws.com/auklet-new.png]
[fund-rest-framework.s3.amazonaws.com/load-impact.png]
[fund-rest-framework.s3.amazonaws.com/kloudless.png]
[user-images.githubusercontent.com/2370209/32976956-1ca9ab7e-cbf1-11e7-981a-a20cb1e83d63.png]
[www.django-rest-framework.org/community/3.9-announcement/index.html]
[www.django-rest-framework.org/community/3.8-announcement/index.html]
[www.django-rest-framework.org/img/bayer.png]
[fund-rest-framework.s3.amazonaws.com/Machinalis130.png]
[fund-rest-framework.s3.amazonaws.com/rollbar.png]
[www.django-rest-framework.org/community/3.7-announcement/index.html]
[www.django-rest-framework.org/img/api-docs.gif]
[fund-rest-framework.s3.amazonaws.com/mp-text-logo.png]
[www.django-rest-framework.org/img/api-docs.png]
[www.django-rest-framework.org/community/3.6-announcement/index.html]
[www.django-rest-framework.org/community/api-guide/schemas/index.html]
[www.django-rest-framework.org/img/raml.png]
[www.django-rest-framework.org/community/3.5-announcement/index.html]
[www.django-rest-framework.org/community/3.4-announcement/api-clients]
[www.django-rest-framework.org/community/3.4-announcement/release-notes]
[www.django-rest-framework.org/community/3.4-announcement/index.html]
[www.django-rest-framework.org/community/tutorial/7-schemas-and-client-libraries/index.html]
[www.django-rest-framework.org/community/api-guide/metadata/index.html]
[www.django-rest-framework.org/community/api-guide/fields]
[www.django-rest-framework.org/community/3.3-announcement/index.html]
[www.django-rest-framework.org/community/3.2-announcement/index.html]
[www.django-rest-framework.org/img/pages-pagination.png]
[www.django-rest-framework.org/img/cursor-pagination.png]
[www.django-rest-framework.org/community/3.1-announcement/index.html]
[www.django-rest-framework.org/community/3.0-announcement/index.html]
[www.django-rest-framework.org/community/api-guide/pagination/index.html]
[www.django-rest-framework.org/img/sponsors/0-eventbrite.png]
[www.django-rest-framework.org/img/sponsors/1-divio.png]
[www.django-rest-framework.org/img/sponsors/1-lulu.png]
[www.django-rest-framework.org/img/sponsors/1-potato.png]
[www.django-rest-framework.org/img/sponsors/1-wiredrive.png]
[www.django-rest-framework.org/img/sponsors/1-cyan.png]
[www.django-rest-framework.org/img/sponsors/1-runscope.png]
[www.django-rest-framework.org/img/sponsors/1-simple-energy.png]
[www.django-rest-framework.org/img/sponsors/1-vokal_interactive.png]
[www.django-rest-framework.org/img/sponsors/1-purplebit.png]
[www.django-rest-framework.org/img/sponsors/1-kuwaitnet.png]
[www.django-rest-framework.org/img/sponsors/2-laterpay.png]
[www.django-rest-framework.org/img/sponsors/2-schuberg_philis.png]
[www.django-rest-framework.org/img/sponsors/2-prorenata.png]
[www.django-rest-framework.org/img/sponsors/2-sga.png]
[www.django-rest-framework.org/img/sponsors/2-sirono.png]
[www.django-rest-framework.org/img/sponsors/2-vinta.png]
[www.django-rest-framework.org/img/sponsors/2-rapasso.png]
[www.django-rest-framework.org/img/sponsors/2-mirus_research.png]
[www.django-rest-framework.org/img/sponsors/2-hipo.png]
[www.django-rest-framework.org/img/sponsors/2-byte.png]
[www.django-rest-framework.org/img/sponsors/2-lightning_kite.png]
[www.django-rest-framework.org/img/sponsors/2-opbeat.png]
[www.django-rest-framework.org/img/sponsors/2-koordinates.png]
[www.django-rest-framework.org/img/sponsors/2-pulsecode.png]
[www.django-rest-framework.org/img/sponsors/2-singing-horse.png]
[www.django-rest-framework.org/img/sponsors/2-heroku.png]
[www.django-rest-framework.org/img/sponsors/2-rheinwerk_verlag.png]
[www.django-rest-framework.org/img/sponsors/2-security_compass.png]
[www.django-rest-framework.org/img/sponsors/2-django.png]
[www.django-rest-framework.org/img/sponsors/2-hipflask.png]
[www.django-rest-framework.org/img/sponsors/2-crate.png]
[www.django-rest-framework.org/img/sponsors/2-cryptico.png]
[www.django-rest-framework.org/img/sponsors/2-nexthub.png]
[www.django-rest-framework.org/img/sponsors/2-compile.png]
[www.django-rest-framework.org/img/sponsors/2-wusawork.png]
[www.django-rest-framework.org/img/sponsors/3-imt_computer_services.png]
[www.django-rest-framework.org/img/sponsors/3-wildfish.png]
[www.django-rest-framework.org/img/sponsors/3-thermondo-gmbh.png]
[www.django-rest-framework.org/img/sponsors/3-providenz.png]
[www.django-rest-framework.org/img/sponsors/3-alwaysdata.png]
[www.django-rest-framework.org/img/sponsors/3-triggered_messaging.png]
[www.django-rest-framework.org/img/sponsors/3-ipushpull.png]
[www.django-rest-framework.org/img/sponsors/3-transcode.png]
[www.django-rest-framework.org/img/sponsors/3-garfo.png]
[www.django-rest-framework.org/img/sponsors/3-shippo.png]
[www.django-rest-framework.org/img/sponsors/3-gizmag.png]
[www.django-rest-framework.org/img/sponsors/3-tivix.png]
[www.django-rest-framework.org/img/sponsors/3-safari.png]
[www.django-rest-framework.org/img/sponsors/3-brightloop.png]
[www.django-rest-framework.org/img/sponsors/3-aba.png]
[www.django-rest-framework.org/img/sponsors/3-beefarm.png]
[www.django-rest-framework.org/img/sponsors/3-vzzual.png]
[www.django-rest-framework.org/img/sponsors/3-infinite_code.png]
[www.django-rest-framework.org/img/sponsors/3-crosswordtracker.png]
[www.django-rest-framework.org/img/sponsors/3-pkgfarm.png]
[www.django-rest-framework.org/img/sponsors/3-life_the_game.png]
[www.django-rest-framework.org/img/sponsors/3-blimp.png]
[www.django-rest-framework.org/img/sponsors/3-pathwright.png]
[www.django-rest-framework.org/img/sponsors/3-fluxility.png]
[www.django-rest-framework.org/img/sponsors/3-teonite.png]
[www.django-rest-framework.org/img/sponsors/3-trackmaven.png]
[www.django-rest-framework.org/img/sponsors/3-phurba.png]
[www.django-rest-framework.org/img/sponsors/3-nephila.png]
[www.django-rest-framework.org/img/sponsors/3-aditium.png]
[www.django-rest-framework.org/img/sponsors/3-openeye.png]
[www.django-rest-framework.org/img/sponsors/3-holvi.png]
[www.django-rest-framework.org/img/sponsors/3-cantemo.gif]
[www.django-rest-framework.org/img/sponsors/3-makespace.png]
[www.django-rest-framework.org/img/sponsors/3-ax_semantics.png]
[www.django-rest-framework.org/img/sponsors/3-isl.png]
[www.django-rest-framework.org/community/kickstarter-announcement/index.html]
[cdn-images.mailchimp.com/embedcode/classic-10_7.css]
[s3.amazonaws.com/downloads.mailchimp.com/js/mc-validate.js]
[www.django-rest-framework.org/community/mozilla-grant/index.html]
[www.django-rest-framework.org/community/funding/index.html]
[www.django-rest-framework.org/community/jobs/index.html]
[www.django-rest-framework.org/tutorial/index.html]
[www.django-rest-framework.org/api-guide/pagination/github-link-pagination.html]
[www.django-rest-framework.org/topics/api-guide/schemas/index.html]
[www.django-rest-framework.org/topics/api-guide/metadata/index.html]
[www.django-rest-framework.org/community/topics/third-party-packages/index.html]
[www.django-rest-framework.org/community/3.10-announcement/community/funding.html]
[www.django-rest-framework.org/community/api-guide/schemas/index.html]
[www.django-rest-framework.org/community/3.4-announcement/api-clients.html]
[www.django-rest-framework.org/community/tutorial/7-schemas-and-client-libraries/index.html]
[www.django-rest-framework.org/community/api-guide/metadata/index.html]
[www.django-rest-framework.org/community/3.4-announcement/release-notes.html]
[www.django-rest-framework.org/community/api-guide/fields.html]
[www.django-rest-framework.org/community/api-guide/pagination/index.html]
[cdn-images.mailchimp.com/embedcode/classic-10_7.css]
[fund.django-rest-framework.org/funding_include.js]
[checkout.stripe.com/checkout.js]
